00000000
00000000
00000000
00000000
00000000
00000000
00000000
00000000
00000000
00000000
00000000
00000000
00000000
00000000
00000000
00000000
ca4167ec
4de80424
144dc79b
43048b28
0ddec0b9
bb45a06f
d902b031
9a0e43dd
2f6b108b
f0893552
b73d682b
e65aae8b
6b2e61bb
d5607cb8
cdf5fca5
1c926410
08f68aaa
f5c15839
e5842bc2
c612af16
dd921d0c
88ada923
1e682c1a
e506d115
c2d4ff38
30db335d
013910a4
769537ef
eeeada6a
1cdc5744
aa9cac6f
ee0e94c2
ebbd991e
c7586cbf
9b64f32a
160d2146
e6132ee4
56c67567
ac797790
a18a515d
b4dad24d
7a5a2f04
497f4163
1e4c5673
8e4831dd
8f1e8693
7975962d
d7ea92dd
f925e9fd
a7fe749f
3fe57c6e
32ff2917
e88f52f0
61c636bc
c17afcc6
2cef778e
52c59795
7de589c7
93653e0a
a4ece323
8a9ca685
72694803
71d56980
fb7f928c
5bf8cf71
1e5a9288
1310ecaa
180d67c1
04bb123f
42fb0dfb
a474371a
64492f8e
9a050dcf
33e6f070
033aecff
9d7426e7
2cd67539
b7be3ca2
acc3a64f
d9e55316
4f7b7c1a
f9610569
884c129c
89000c3c
42222cc9
c44b6b36
5e25a0db
67d0b4e3
7d21a9b0
e1117fcb
cf97b4b3
b8b0da4b
14a6cdf3
53ea608c
2cbd5411
04c68061
e32de77b
c7356ac1
7d0596fa
25cfd63b
0c2fa11f
f33eb6f2
d40bc715
f7fdf907
c21cc3ab
ba08ae97
c49bd42a
cd48889f
687035b0
fc45ad36
e891085c
41cc2652
40152a61
a765cb76
3f80b2f2
d72ee21b
6379a3d4
9a1bc0ad
3f2de81f
3c265220
30403d9d
2b3d6aa9
ba1b27ed
7723bf7f
d367f314
bce1cba1
603c5977
572cd9a0
06484385
1043c63b
1c7f59e6
aeee0361
93b7a572
46a2dfa6
40db912d
3e96255c
d28fd919
8951fed5
fedfc2b9
c81c014b
8ab91658
535e1c95
f785a3b5
002d431a
467b31b2
30cd17b5
741e6ebc
bf81678e
eb023fb2
5128bb8b
6179d021
8d3175b5
a142bf73
94d9b0a2
c6479b03
89ceddbd
0cc0661d
1bbfa6e7
68029280
7067695a
ec041681
aae43486
2be40c6c
485cbbb6
1c9d3785
6b875d0f
923454cc
26b5e536
6bf2da74
08086a6e
b6fe38eb
86d04155
4a349ba1
8f417f1d
b23b2cba
3e6d41df
1f58d192
a7122d8e
4d12f2d5
94abb984
fdfd9c6b
237c2034
fab0cdd5
4b7d151a
6aee3b58
cbb6c040
e3f30d85
25f10d89
446b9a8b
cd321e59
26f8680c
f2225da3
68760179
e6060627
7852e3b5
625b47cb
31284e80
87a360fd
bae95e60
800519ba
e32de632
d4251d0c
0d31a138
a8fd1765
1c7e15a3
f29a4fe0
e05135d7
4a48a83f
b458c024
c15338fb
7143c556
59792cdc
76810e6e
e9d2ebaa
49626bdf
65d0366a
319bb61e
064be9b4
060e9ac0
6985a6d5
e5cf19b6
7550d220
2a859c12
3c78595f
7ef304c1
372c641d
f67eec5c
80822113
c865b793
e310b17f
9cc14263
ff300f40
0cd5f838
34c1768d
377475a9
4fa43962
bc9eec95
57f6c693
fba8f94b
fd695293
fa835d3f
50dff12a
773fb020
d6d221f7
3b2f9878
67f01125
5755a125
32c82ea0
ac05564d
b0731d92
fc116ca3
64395762
156dff23
ea88670b
3da481cb
82dc603a
32f9f5c9
c0fc7971
61797ceb
7d081d36
c7ec4da8
2ccac481
cf0922f4
cf5d8361
bc82b980
3cd7f990
7965556a
d91122fc
8f1af5e0
a9c9ee88
5fece09f
480bf83a
9fd4295b
69ee84a1
9d394525
f85bb517
90193391
f979fff9
2e268330
0fed7351
64ee02d7
11ee2f84
17548e05
6f251c09
a33c5a1a
9ee9f2f7
f18ce77f
259739be
3fca9d8c
7c41c6fc
a55dfb07
2507c87e
e47e9ab2
5b941e87
195d72ad
ade078a0
4f6958bb
4341a7dc
645c6e8f
d1864cac
a247d33b
b63957e2
0e04c76c
769a2e39
f512394b
11fe134d
fce8e526
24aff910
d88b6618
1a8df254
ce10aa20
263cd78b
8ec4835d
446e681d
81c3c7ea
0b55dee2
7dee5d71
3814669d
5b46a60a
268d5bd5
4a3cb6cd
22f85943
53110786
10a498aa
4f3e548d
e59ba95e
76417227
2908d46a
71772afa
d02baf3c
05904e79
8f670c62
bdef1c27
d09e70ac
79adaa93
150fe4b8
21e94374
a944631e
96fa1c20
3580230a
9daece42
020cb98f
335ad214
7c378907
ee209194
0dd756b2
8d1d0018
9e07ee6b
8d63e19f
1fb3d72c
3fae4ee5
57ad0dd4
22181521
0daa7d4b
7aaafd2c
92163f45
7049c254
2f57df75
8bfcb529
ad85ca26
577aba07
6d729370
1b66b5ab
7ee59804
960eb598
d00a578c
39385cf9
9f11e0fb
ae0ee4b7
cf080c3d
14060292
e92b7b1e
5a88e0b6
6fa90475
554621ce
bad65bdc
11c58404
5615ad30
0855a4ad
4790f24b
0fd55bdb
ec13ed4b
c6a138d6
fc38e592
35eee665
e4e3413f
1d1958cc
05887470
517b1174
950c7e40
bfccb050
0735fdd3
c5b9faeb
e209eaa6
fb031275
f2e8bded
9b4ffd8e
fbb31dfc
867f96bd
9c570f02
3bb803c1
091c9048
9c2abce4
49ca645f
1d70a435
c831350d
fcd299eb
393dad7b
d81f0360
72afea96
50f5e438
5a6dd4e0
9e03b004
20f95fd5
36b6556b
0078c416
334a72e3
bf5d4a37
7434d58b
6dc1a00b
add26823
d6352cd8
73042d40
d9291cd2
91ba0143
529010ff
5a64dadf
365f6351
ffb022a3
ee27e4b6
0ab07b47
50889fe1
4f911863
ad9125a6
8ab82e7f
24fef993
0068bbae
cf95b235
40846fd8
1f54ab14
599c9d0c
8cbf14f2
53c03f94
33ddbeb5
9813a3c1
6e7cbc40
1b08e06f
f8f6d42c
3e5d3bdd
ba169722
c5c9c397
04c9890f
42608167
2b9bdfdb
3c66e8b8
5f8ccb90
3dd36538
71cd1e4b
f0221d6e
7b4d8b63
308881ec
3781196c
fb40c3bf
b3bb1c76
cd826914
2c0b6b26
245547a4
880ac643
bb1b7198
572e01d8
ccca9f25
7e3982ec
c27f170a
24bd7650
efc3899e
c995db57
b1b85687
a34223ca
223d201f
0ed098ea
4b2c5d78
b5232fe2
97a524fd
ce6028ec
aedc1f52
9e7ef88a
9b13fd29
4e5bd6a8
9ad92ced
bd48845c
af81793b
e7cc1f4a
5b862d68
f57cdfdd
ac0f466c
1e707af8
cba4d19e
ff438d89
d0510215
54d61bef
f127d987
19b91fbe
dc7dc937
08b91764
318df075
0a1f0d74
e527311f
3238b8cf
c4e6d21c
15c3f34a
e0e6f64b
5f372e7a
2349086c
9904aef3
2e184a14
f471b7e4
3d55cd4e
7a30aa02
4ddaf882
7b6f9370
be36338d
9eccebec
149b8fc1
6c354d18
68f42a2c
bdda4909
4e75ad0c
0ed399d7
299e8af7
35febe2f
5cea492b
62522dce
c5b97e97
d9815bf8
e9a8c4a8
5332b49d
78004b9c
3a194497
8f85d0eb
aa355941
ba1ec8b9
b774c00d
e39ee2dc
2237e0fb
a5860d35
fcadcc97
a98f6e9f
08a150dd
d1c12f79
df1a1ad0
498d7e54
a7a3db68
f7cf9ecf
96ee3df7
812c9fe1
e92d18ef
e95ab4df
0b03405c
15ed00a6
b031bdaf
f7ad9836
75fd0f0b
e8734923
61f33c83
9d452468
c6ccebc9
2d706cb3
e0be555c
5c33f61b
14a802cd
6c88015f
8fe0604c
f1adf765
bc595519
647055b6
8a68762f
d0191830
65b0d6db
53920501
59c7a3e3
1391cd57
c403d67b
4d27aac2
fec1c1bd
b9261d59
11a49c72
c6439d3e
3949046f
b25f8996
9a2cb9f9
ac8f7f5c
56267d0b
cb0ff60f
cd2262bb
075d3df9
61c45fdf
c80dbb67
168e7a46
08600874
2326f980
35921369
629b3f2f
eb61dce9
1a2e78db
54620c29
3cc7aed3
90ac573e
aa44b91f
58dd84e6
45d5699c
6d48116a
df83a3a8
9d336071
98172e92
b1700373
674d0df1
19660683
a25a67ef
ff4633a2
be51252b
886b5ae1
574cb9ed
7fc24d2a
3fed7612
db7f302d
ddc84751
af0d846c
743beab5
53cee5d3
e87513b2
30ef2164
b3c3ad4b
ba2daeab
fe1010b5
4f498b8d
4774af53
de9342fe
86402414
6870b4ce
822a44a9
1fab43ed
2ed41da6
b33f106f
1b652c93
68bd339e
5594529a
27c854bd
18d2db5c
6e9eac3d
91b0308e
150c175b
202371c8
e20da6ac
b48269c8
64deb999
70a2969f
aadd388b
e117e682
55e1e96f
91fb0eff
a519c9fd
cc669696
46eddca5
cdd8db07
d5dc20fe
0bdcedfd
dd9d2e56
0225ae93
c545b6a0
c2f79177
26f6ad00
fc505440
f431aeda
fbb44507
30d5f90b
448915ee
1bbaa9e2
67ec0c69
7cc5c61e
c264b3e0
c07fef9b
e82b5ed4
b14fa272
0da63830
bf8f593b
4d40a68f
a7dbb130
0f2de2eb
14ba10b1
2d33a90f
242a3583
ea2b2116
448aded3
0d2a5aff
6ee01cb0
1669dde9
91f61e6c
811320d0
41f08e6e
d2d2d093
57a90f09
a98a2379
fe4b392b
dee63818
84743edb
c7299acb
7e91112a
5b9308b4
31ae6ca5
b0cdf60c
3d311a9d
baa97bbd
0fac46ed
a3b4f965
19b1b1c5
b9382e4c
d5f93386
ac37ae92
fb171d46
0f3cad5b
b398b153
97c93258
30384198
03cee2fa
77b2f903
3023326f
fb314a5f
9d9f1c17
c2561b00
ec8f23bf
a5b0c9ec
92ef022a
45fe11a0
c1279d3f
396a7557
e78da954
b785782c
5e32ea39
fb61799c
decb0285
8a1fbbf4
d561556c
5fd71f7f
87dd9782
b58095db
b153ad84
f03824c4
b89fed08
63d2a437
4184186e
fb7b8c40
15bcb014
29d6f7a4
7855d82a
0f926867
0e9ac655
2bd17110
0f1c6f72
dde93456
d2b28a78
71c23286
e0205a59
052daeeb
8966f497
c7a69f6c
8dc871a0
7aec9f8f
946928ca
24e72581
19f3d704
837be6a3
350f383b
72a53c46
17e8651e
29839e86
d26f83ac
dffbe8ab
6d3b79ba
8745508e
17ec770e
f0a30157
d22876d8
22023d34
569824ef
3b093662
75178932
0ab7a6dc
06026070
1b84804e
73ded81c
f4dc9664
f47fdcc2
661e32e3
f4ac8120
6d6a4a63
1150dd57
3f999e7a
c93b3225
9ed3bf7b
f87192f6
72f2b2a3
5568ebd7
37776bb8
f43fd4d5
5a5a3e39
5ea05873
b9072d6f
017d9bf8
0356cae6
a07106ef
002cf845
14d33af6
50b4fd6f
ff0ab2e1
8c55db0e
5e7b103a
31aabbce
dc4a3801
f8f64298
003b5d91
5f006e60
3c0b197c
0d2cae6d
a985707d
0317bb11
e1023c5a
9d152961
d94840f4
939f26e5
39eaff5c
ac1fe4c3
c11c4157
67890857
00fe25e7
3efb85a1
f1c18ec6
be9baadd
c47ffbf7
654c92b8
a04bb887
8e9c123d
af0281c0
972873b5
d6c30836
2820d9d1
b7192202
a9555aaf
04023b03
f64194d9
a934ff81
4cd929d0
4c8f15c2
2cb28a62
c47d8a3e
290b6f1a
46e1fde9
943decc7
b60ebaf0
479eccac
4f70091f
21392d23
51853332
7a6c829f
cbb300e6
79aba9af
2e54cb5e
3ddbaa13
cbccd981
a393389d
2e7ed7ca
1a7a3938
e4c38028
2ccf7613
37978075
2267373b
e3014035
cc7a86b1
4f74cba0
123431ec
d4e16fc7
1e22f34f
64e77e78
d8b85ed3
181d2e14
4ef3c8dd
07f5d947
cc9cd9a8
fc01eaa8
5d238cd2
06ca5a37
6c041c48
7a7ea5c0
8eb4c8c1
2b416562
27513ec7
c7f020f4
ff9db9ca
fb49fb02
7964abbe
57a8d4f8
c8611635
0b03707a
138f534a
c61acb54
8855f392
83c6de7f
b3621d68
3a53a1c7
5784ab35
f80f388c
020dc59e
eae9ff00
86f7d2ed
ef898441
e15ee39b
33496ee1
f4e1f5c9
c787ae22
3b0def7b
3a1a53c3
03b93fcb
962ed93b
a1055e77
cc31d6f1
f9b7d38e
3eb4a821
c49da53a
35c5aeca
e39f3763
a30cff46
a225f7ac
1dc6c88b
2742595e
d2b46816
d9f85843
dbe6fcfb
c5d29934
c475a3c2
a1d56ab4
5324e9d6
829c6f08
1c545dba
0b5f1f1c
19b0c2fa
f1f55859
c262240a
395e7744
ff3c245b
03628df0
a6eb65f9
e5b905fb
926a555c
b408f0de
576fd711
4d466502
3cea4c41
ce4e1132
290100dd
a3cc972a
72bbbb3b
aeaf8884
6ed7bded
b84a6be2
1cf2c2c6
ee5a7a86
98298bf6
70762286
39420c82
2332cd77
7555419a
d8782d9b
f27b9e6f
21693702
e6da4ecf
3d7a4870
380c89b8
d934f057
5c15ef42
13efaf01
eb2f105f
684dd766
78de27f5
96fc097d
14649e57
c61746ba
c043f3c5
7a08b166
34c4522a
12673b0a
8c15822d
3f65b4ba
78d8e3d0
5ff6ca95
b6153012
b7197610
da2d98f6
7503da71
8c0554eb
6ab3ba51
ba22f093
7bc81d4d
8a4ca8f0
af6f8b24
4fbd872e
ed9411d2
014e5523
37316454
a49a65be
fac34268
